2020-12-15 23:21:50	첫번째 문장입니다.
